../Core/Src/main.c:62:6:ADC_Init	40	static
../Core/Src/main.c:84:10:Read_ADC	24	static
../Core/Src/main.c:96:6:UART_Init	32	static
../Core/Src/main.c:125:6:UART_Send_1Byte	24	static
../Core/Src/main.c:134:6:UART_Send_Str	24	static
../Core/Src/main.c:168:5:main	8	static
../Core/Src/main.c:249:6:SystemClock_Config	88	static
../Core/Src/main.c:291:13:MX_GPIO_Init	40	static
../Core/Src/main.c:323:6:StartTask1	64	static
../Core/Src/main.c:360:6:StartTask2	32	static
../Core/Src/main.c:397:6:HAL_TIM_PeriodElapsedCallback	16	static
../Core/Src/main.c:414:6:Error_Handler	4	static,ignoring_inline_asm
